
> jkkn-institution-website@0.1.0 build
> next build

[baseline-browser-mapping] The data in this module is over two months old.  To ensure accurate Baseline data, please update: `npm i baseline-browser-mapping@latest -D`
   ▲ Next.js 16.0.7 (Turbopack)
   - Environments: .env.local
   - Experiments (use with caution):
     · optimizePackageImports
     · serverActions

 ⚠ The "middleware" file convention is deprecated. Please use "proxy" instead. Learn more: https://nextjs.org/docs/messages/middleware-to-proxy
   Creating an optimized production build ...
[baseline-browser-mapping] The data in this module is over two months old.  To ensure accurate Baseline data, please update: `npm i baseline-browser-mapping@latest -D`

> Build error occurred
Error: ENOENT: no such file or directory, open 'D:\Sangeetha_V\jkkn-main-website\.next\static\9t1UPYiFsCE7TfGqyHODJ\_buildManifest.js.tmp.umc1rkr1a5l'
    at ignore-listed frames
